Generated: scaling-backend-systems-1774601339169
Generated: ai-automation-business-1774601342172
Generated: scaling-backend-systems-1774601345174
Generated: workflow-automation-tools-1774601348175
Generated: passive-income-systems-1774601351179
Generated: online-business-models-1774601354182
Generated: ai-saas-ideas-1774601357184
Generated: passive-income-systems-1774601360187
Generated: ai-automation-business-1774601363190
Generated: task-orchestration-systems-1774601366192
Generated: ai-saas-ideas-1774601369192
Generated: online-business-models-1774601372195
Generated: make-money-online-1774601375195
Generated: scaling-backend-systems-1774601378196
Generated: make-money-online-1774601381200
Generated: online-business-models-1774601384202
Generated: task-orchestration-systems-1774601387205
Generated: ai-saas-ideas-1774601390206
Generated: ai-saas-ideas-1774601393207
Generated: online-business-models-1774601396210
Generated: scaling-backend-systems-1774601399211
Generated: passive-income-systems-1774601402214
Generated: ai-saas-ideas-1774601405218
Generated: make-money-online-1774601408219
Generated: make-money-online-1774601411223
Generated: ai-automation-business-1774601414226
Generated: make-money-online-1774601417228
Generated: workflow-automation-tools-1774601420232
Generated: passive-income-systems-1774601423235
Generated: online-business-models-1774601426235
Generated: task-orchestration-systems-1774601429239
Generated: workflow-automation-tools-1774601432240
Generated: passive-income-systems-1774601435241
Generated: ai-automation-business-1774601438243
Generated: online-business-models-1774601441247
Generated: task-orchestration-systems-1774601444247
Generated: ai-saas-ideas-1774601447251
Generated: online-business-models-1774601450254
Generated: ai-saas-ideas-1774601453256
Generated: online-business-models-1774601456259
Generated: workflow-automation-tools-1774601459262
Generated: ai-automation-business-1774601462263
Generated: task-orchestration-systems-1774601465266
Generated: online-business-models-1774601468267
Generated: ai-automation-business-1774601471271
Generated: online-business-models-1774601474274
Generated: ai-saas-ideas-1774601477277
Generated: passive-income-systems-1774601480280
Generated: online-business-models-1774601483284
Generated: passive-income-systems-1774601486287
Generated: task-orchestration-systems-1774601489291
Generated: ai-saas-ideas-1774601492294
Generated: ai-saas-ideas-1774601495297
Generated: passive-income-systems-1774601498299
Generated: passive-income-systems-1774601501300
Generated: online-business-models-1774601504304
Generated: workflow-automation-tools-1774601507307
Generated: make-money-online-1774601510311
Generated: make-money-online-1774601513315
Generated: scaling-backend-systems-1774601516318
Generated: workflow-automation-tools-1774601519320
Generated: ai-saas-ideas-1774601522323
Generated: task-orchestration-systems-1774601525326
Generated: passive-income-systems-1774601528327
Generated: make-money-online-1774601531329
Generated: ai-saas-ideas-1774601534332
Generated: online-business-models-1774601537336
Generated: passive-income-systems-1774601540338
Generated: workflow-automation-tools-1774601543339
Generated: make-money-online-1774601546339
Generated: task-orchestration-systems-1774601549343
Generated: scaling-backend-systems-1774601552346
Generated: scaling-backend-systems-1774601555349
Generated: online-business-models-1774601558351
Generated: workflow-automation-tools-1774601561354
Generated: make-money-online-1774601564357
Generated: online-business-models-1774601567360
Generated: task-orchestration-systems-1774601570363
Generated: workflow-automation-tools-1774601573367
Generated: task-orchestration-systems-1774601576369
Generated: online-business-models-1774601579372
Generated: task-orchestration-systems-1774601582375
Generated: passive-income-systems-1774601585378
Generated: make-money-online-1774601588382
Generated: ai-saas-ideas-1774601591385
Generated: ai-saas-ideas-1774601594386
Generated: task-orchestration-systems-1774601597386
Generated: workflow-automation-tools-1774601600390
Generated: scaling-backend-systems-1774601603394
Generated: online-business-models-1774601606396
Generated: task-orchestration-systems-1774601609400
Generated: ai-automation-business-1774601612403
Generated: workflow-automation-tools-1774601615406
Generated: task-orchestration-systems-1774601618407
Generated: ai-automation-business-1774601621409
Generated: workflow-automation-tools-1774601624411
Generated: passive-income-systems-1774601627413
Generated: ai-automation-business-1774601630417
Generated: passive-income-systems-1774601633420
Generated: task-orchestration-systems-1774601636424
Generated: ai-saas-ideas-1774601639426
Generated: make-money-online-1774601642429
Generated: make-money-online-1774601645432
Generated: make-money-online-1774601648436
Generated: workflow-automation-tools-1774601651438
Generated: workflow-automation-tools-1774601654441
Generated: ai-automation-business-1774601657445
Generated: ai-saas-ideas-1774601660448
Generated: online-business-models-1774601663448
Generated: scaling-backend-systems-1774601666450
Generated: task-orchestration-systems-1774601669452
Generated: workflow-automation-tools-1774601672455
Generated: make-money-online-1774601675458
Generated: passive-income-systems-1774601678461
Generated: ai-automation-business-1774601681464
Generated: make-money-online-1774601684467
Generated: make-money-online-1774601687469
Generated: ai-saas-ideas-1774601690471
Generated: make-money-online-1774601693475
Generated: make-money-online-1774601696475
Generated: workflow-automation-tools-1774601699478
Generated: ai-automation-business-1774601702480
Generated: task-orchestration-systems-1774601705483
Generated: online-business-models-1774601708487
Generated: ai-saas-ideas-1774601711490
Generated: passive-income-systems-1774601714492
